vboxuser@My-ubuntu-linux:~/kasirskaaalina09-gif/workspace/projects/lab05$ cd banking
vboxuser@My-ubuntu-linux:~/kasirskaaalina09-gif/workspace/projects/lab05/banking$ nano CMakelists.txt
vboxuser@My-ubuntu-linux:~/kasirskaaalina09-gif/workspace/projects/lab05/banking$ ls
Account.cpp  Account.h  CMakeLists.txt  tests  Transaction.cpp  Transaction.h
vboxuser@My-ubuntu-linux:~/kasirskaaalina09-gif/workspace/projects/lab05/banking$ nano CMakeLists.txt 
vboxuser@My-ubuntu-linux:~/kasirskaaalina09-gif/workspace/projects/lab05/banking$ ls
Account.cpp  Account.h  CMakeLists.txt  tests  Transaction.cpp  Transaction.h
vboxuser@My-ubuntu-linux:~/kasirskaaalina09-gif/workspace/projects/lab05/banking$ cd tests
vboxuser@My-ubuntu-linux:~/kasirskaaalina09-gif/workspace/projects/lab05/banking/tests$ ls
mocks  test_account.cpp  test_transaction.cpp
vboxuser@My-ubuntu-linux:~/kasirskaaalina09-gif/workspace/projects/lab05/banking/tests$ cd mocks
vboxuser@My-ubuntu-linux:~/kasirskaaalina09-gif/workspace/projects/lab05/banking/tests/mocks$ ls
MockAccount.hpp  MockTransaction.hpp
vboxuser@My-ubuntu-linux:~/kasirskaaalina09-gif/workspace/projects/lab05/banking/tests/mocks$ nano MockAccount.hpp
vboxuser@My-ubuntu-linux:~/kasirskaaalina09-gif/workspace/projects/lab05/banking/tests/mocks$ nano MockTransaction.hpp
vboxuser@My-ubuntu-linux:~/kasirskaaalina09-gif/workspace/projects/lab05/banking/tests/mocks$ cd ..
vboxuser@My-ubuntu-linux:~/kasirskaaalina09-gif/workspace/projects/lab05/banking/tests$ ls
mocks  test_account.cpp  test_transaction.cpp
vboxuser@My-ubuntu-linux:~/kasirskaaalina09-gif/workspace/projects/lab05/banking/tests$ nano test_account.cpp
vboxuser@My-ubuntu-linux:~/kasirskaaalina09-gif/workspace/projects/lab05/banking/tests$ nano test_transaction.cpp
vboxuser@My-ubuntu-linux:~/kasirskaaalina09-gif/workspace/projects/lab05/banking/tests$ cd ..
vboxuser@My-ubuntu-linux:~/kasirskaaalina09-gif/workspace/projects/lab05/banking$ ls
Account.cpp  Account.h  CMakeLists.txt  tests  Transaction.cpp  Transaction.h
vboxuser@My-ubuntu-linux:~/kasirskaaalina09-gif/workspace/projects/lab05/banking$ nano CMakeLists.txt 
vboxuser@My-ubuntu-linux:~/kasirskaaalina09-gif/workspace/projects/lab05/banking$ cd ..
vboxuser@My-ubuntu-linux:~/kasirskaaalina09-gif/workspace/projects/lab05$ nano CMakeLists.txt 
vboxuser@My-ubuntu-linux:~/kasirskaaalina09-gif/workspace/projects/lab05$ cat CMakeLists.txt 
cmake_minimumFF_required(VERSION 3.4)

set(CMAKE_CXX_STANDARD 11)
set(CMAKE_CXX_STANDARD_REQUIRED ON)

set(CMAKE_CXX_FLAGS "${CMAKE_CXX_FLAGS} -Wno-error=maybe-uninitialized")

option(BUILD_EXAMPLES "Build examples" OFF)
option(BUILD_TESTS "Build tests" OFF)

project(print)

if(BUILD_TESTS)
    add_compile_options(--coverage -O0 -g)
    add_link_options(--coverage)
endif()

add_library(print STATIC
    ${CMAKE_CURRENT_SOURCE_DIR}/sources/print.cpp
)

target_include_directories(print PUBLIC
    $<BUILD_INTERFACE:${CMAKE_CURRENT_SOURCE_DIR}/include>
    $<INSTALL_INTERFACE:include>
)

if(BUILD_EXAMPLES)

    file(GLOB EXAMPLE_SOURCES
        "${CMAKE_CURRENT_SOURCE_DIR}/examples/*.cpp"
    )

    foreach(EXAMPLE_SOURCE ${EXAMPLE_SOURCES})

        get_filename_component(
            EXAMPLE_NAME
            ${EXAMPLE_SOURCE}
            NAME_WE
        )

        add_executable(
            ${EXAMPLE_NAME}
            ${EXAMPLE_SOURCE}
        )

        target_link_libraries(
            ${EXAMPLE_NAME}
            print
        )

        install(
            TARGETS ${EXAMPLE_NAME}
            RUNTIME DESTINATION bin
        )

    endforeach()

endif()

install(
    TARGETS print
    EXPORT print-config
    ARCHIVE DESTINATION lib
    LIBRARY DESTINATION lib
)

install(
    DIRECTORY ${CMAKE_CURRENT_SOURCE_DIR}/include/
    DESTINATION include
)

install(
    EXPORT print-config
    DESTINATION cmake
)

add_subdirectory(formatter_lib)
add_subdirectory(formatter_ex_lib)
add_subdirectory(solver_lib)
add_subdirectory(hello_world_application)
add_subdirectory(solver_application)
add_subdirectory(banking)

if(BUILD_TESTS)

    enable_testing()

    add_subdirectory(third-party/gtest)

    file(GLOB ${PROJECT_NAME}_TEST_SOURCES
        tests/*.cpp
    )

    add_executable(
        check
        ${${PROJECT_NAME}_TEST_SOURCES}
    )

    target_link_libraries(
        check
        ${PROJECT_NAME}
        gtest_main
    )

    add_test(
        NAME check
        COMMAND check
    )

    add_executable(
        banking_tests
        banking/tests/test_account.cpp
        banking/tests/test_transaction.cpp
    )

    target_include_directories(
        banking_tests PUBLIC
        banking
    )

    target_link_libraries(
        banking_tests
        banking
        gtest
        gtest_main
        gmock
        pthread
    )

    add_test(
        NAME banking_tests
        COMMAND banking_tests
    )

endif()

vboxuser@My-ubuntu-linux:~/kasirskaaalina09-gif/workspace/projects/lab05$ cd .github/workflows
vboxuser@My-ubuntu-linux:~/kasirskaaalina09-gif/workspace/projects/lab05/.github/workflows$ ls
ci.yml
vboxuser@My-ubuntu-linux:~/kasirskaaalina09-gif/workspace/projects/lab05/.github/workflows$ nano ci.yml
vboxuser@My-ubuntu-linux:~/kasirskaaalina09-gif/workspace/projects/lab05/.github/workflows$ nano ci.yml
vboxuser@My-ubuntu-linux:~/kasirskaaalina09-gif/workspace/projects/lab05/.github/workflows$ git add .
vboxuser@My-ubuntu-linux:~/kasirskaaalina09-gif/workspace/projects/lab05/.github/workflows$ git commit -m "update ci"
[main d5e9b79] update ci
 1 file changed, 18 insertions(+), 4 deletions(-)
vboxuser@My-ubuntu-linux:~/kasirskaaalina09-gif/workspace/projects/lab05/.github/workflows$ git push origin main
Username for 'https://github.com': kasirskaaalina09-gif
Password for 'https://kasirskaaalina09-gif@github.com': 
Enumerating objects: 9, done.
Counting objects: 100% (9/9), done.
Delta compression using up to 5 threads
Compressing objects: 100% (3/3), done.
Writing objects: 100% (5/5), 774 bytes | 774.00 KiB/s, done.
Total 5 (delta 1), reused 0 (delta 0), pack-reused 0
remote: Resolving deltas: 100% (1/1), completed with 1 local object.
To https://github.com/kasirskaaalina09-gif/lab05.git
   91c4e4e..d5e9b79  main -> main
vboxuser@My-ubuntu-linux:~/kasirskaaalina09-gif/workspace/projects/lab05/.github/workflows$ nano ci.yml
vboxuser@My-ubuntu-linux:~/kasirskaaalina09-gif/workspace/projects/lab05/.github/workflows$ cd ../..
vboxuser@My-ubuntu-linux:~/kasirskaaalina09-gif/workspace/projects/lab05$ ls
banking  check.txt       examples  formatter_ex_lib  hello_world_application  include  READMED.md  solver_application  sources  third-party
_build   CMakeLists.txt  file.txt  formatter_lib     hello_world.cpp          log.txt  README.md   solver_lib          tests
vboxuser@My-ubuntu-linux:~/kasirskaaalina09-gif/workspace/projects/lab05$ cd tests
vboxuser@My-ubuntu-linux:~/kasirskaaalina09-gif/workspace/projects/lab05/tests$ ls
test1.cpp
vboxuser@My-ubuntu-linux:~/kasirskaaalina09-gif/workspace/projects/lab05/tests$ nano test1.cpp
vboxuser@My-ubuntu-linux:~/kasirskaaalina09-gif/workspace/projects/lab05/tests$ cd ..
vboxuser@My-ubuntu-linux:~/kasirskaaalina09-gif/workspace/projects/lab05$  _build/check
Running main() from /home/vboxuser/kasirskaaalina09-gif/workspace/projects/lab05/third-party/gtest/googletest/src/gtest_main.cc
[==========] Running 1 test from 1 test case.
[----------] Global test environment set-up.
[----------] 1 test from Print
[ RUN      ] Print.InFileStream
[       OK ] Print.InFileStream (1 ms)
[----------] 1 test from Print (1 ms total)

[----------] Global test environment tear-down
[==========] 1 test from 1 test case ran. (1 ms total)
[  PASSED  ] 1 test.
vboxuser@My-ubuntu-linux:~/kasirskaaalina09-gif/workspace/projects/lab05$ git add .
vboxuser@My-ubuntu-linux:~/kasirskaaalina09-gif/workspace/projects/lab05$ git commit -m "updated screenshot"
[main 0d6d0e7] updated screenshot
 1 file changed, 0 insertions(+), 0 deletions(-)
vboxuser@My-ubuntu-linux:~/kasirskaaalina09-gif/workspace/projects/lab05$ git push origin main
Username for 'https://github.com': kasirskaaalina09-gif
Password for 'https://kasirskaaalina09-gif@github.com': 
Enumerating objects: 7, done.
Counting objects: 100% (7/7), done.
Delta compression using up to 5 threads
Compressing objects: 100% (3/3), done.
Writing objects: 100% (4/4), 324.55 KiB | 14.75 MiB/s, done.
Total 4 (delta 1), reused 0 (delta 0), pack-reused 0
remote: Resolving deltas: 100% (1/1), completed with 1 local object.
To https://github.com/kasirskaaalina09-gif/lab05.git
   80d8cf6..0d6d0e7  main -> main
vboxuser@My-ubuntu-linux:~/kasirskaaalina09-gif/workspace/projects/lab05$ cd ..
vboxuser@My-ubuntu-linux:~/kasirskaaalina09-gif/workspace/projects$ ls
Gof-Design-Patterns  lab03  lab04  lab05
vboxuser@My-ubuntu-linux:~/kasirskaaalina09-gif/workspace/projects$ cd lab04
vboxuser@My-ubuntu-linux:~/kasirskaaalina09-gif/workspace/projects/lab04$ ls
CMakeLists.txt  formatter_ex_lib  hello_world_application  include  READMED.md  solver_application  sources
examples        formatter_lib     hello_world.cpp          log.txt  README.md   solver_lib          tmp_lab03
vboxuser@My-ubuntu-linux:~/kasirskaaalina09-gif/workspace/projects/lab04$ nano CMakeLists.txt
vboxuser@My-ubuntu-linux:~/kasirskaaalina09-gif/workspace/projects/lab04$ cat CMakeLists.txt
cmake_minimum_required(VERSION 3.4)

set(CMAKE_CXX_STANDARD 11)
set(CMAKE_CXX_STANDARD_REQUIRED ON)

option(BUILD_EXAMPLES "Build examples" OFF)

project(print)

add_library(print STATIC ${CMAKE_CURRENT_SOURCE_DIR}/sources/print.cpp)

target_include_directories(print PUBLIC
  $<BUILD_INTERFACE:${CMAKE_CURRENT_SOURCE_DIR}/include>
  $<INSTALL_INTERFACE:include>
)

if(BUILD_EXAMPLES)
  file(GLOB EXAMPLE_SOURCES "${CMAKE_CURRENT_SOURCE_DIR}/examples/*.cpp")
  foreach(EXAMPLE_SOURCE ${EXAMPLE_SOURCES})
    get_filename_component(EXAMPLE_NAME ${EXAMPLE_SOURCE} NAME_WE)
    add_executable(${EXAMPLE_NAME} ${EXAMPLE_SOURCE})
    target_link_libraries(${EXAMPLE_NAME} print)
    install(TARGETS ${EXAMPLE_NAME}
      RUNTIME DESTINATION bin
    )
  endforeach(EXAMPLE_SOURCE ${EXAMPLE_SOURCES})
endif()

install(TARGETS print
    EXPORT print-config
    ARCHIVE DESTINATION lib
    LIBRARY DESTINATION lib
)

install(DIRECTORY ${CMAKE_CURRENT_SOURCE_DIR}/include/ DESTINATION include)
install(EXPORT print-config DESTINATION cmake)

add_subdirectory(formatter_lib)
add_subdirectory(formatter_ex_lib)
add_subdirectory(solver_lib)
add_subdirectory(hello_world_application)
add_subdirectory(solver_application)
vboxuser@My-ubuntu-linux:~/kasirskaaalina09-gif/workspace/projects/lab04$ cat .github/workflows/ci.yml
name: C++ CI

on:
  push:
    branches: [ main ]
  pull_request:
    branches: [ main ]

jobs:
  build:
    runs-on: ${{ matrix.os }}

    strategy:
      matrix:
        os: [ubuntu-latest, windows-latest]

    steps:
    - name: Checkout repository
      uses: actions/checkout@v4

    - name: Install dependencies (Ubuntu)
      if: matrix.os == 'ubuntu-latest'
      run: |
        sudo apt update
        sudo apt install -y build-essential cmake

    - name: Configure CMake
      run: cmake -S . -B build

    - name: Build
      run: cmake --build build --config Release
vboxuser@My-ubuntu-linux:~/kasirskaaalina09-gif/workspace/projects/lab04$ nano .github/workflows/ci.yml
vboxuser@My-ubuntu-linux:~/kasirskaaalina09-gif/workspace/projects/lab04$ git add .
vboxuser@My-ubuntu-linux:~/kasirskaaalina09-gif/workspace/projects/lab04$ git commit -m "ci.yml has been changed"
[main 9bcc53d] ci.yml has been changed
 2 files changed, 17 insertions(+), 7 deletions(-)
 create mode 100644 README.md
vboxuser@My-ubuntu-linux:~/kasirskaaalina09-gif/workspace/projects/lab04$ git push origin main 
Username for 'https://github.com': kasirskaaalina09-gif
Password for 'https://kasirskaaalina09-gif@github.com': 
Enumerating objects: 10, done.
Counting objects: 100% (10/10), done.
Delta compression using up to 5 threads
Compressing objects: 100% (3/3), done.
Writing objects: 100% (6/6), 797 bytes | 797.00 KiB/s, done.
Total 6 (delta 1), reused 0 (delta 0), pack-reused 0
remote: Resolving deltas: 100% (1/1), completed with 1 local object.
To https://github.com/kasirskaaalina09-gif/lab04.git
   e3439cc..9bcc53d  main -> main
vboxuser@My-ubuntu-linux:~/kasirskaaalina09-gif/workspace/projects/lab04$ cd ..
vboxuser@My-ubuntu-linux:~/kasirskaaalina09-gif/workspace/projects$ git clone https://github.com/kasirskaaalina09-gif/lab05.git lab06
Cloning into 'lab06'...
remote: Enumerating objects: 139, done.
remote: Counting objects: 100% (139/139), done.
remote: Compressing objects: 100% (84/84), done.
remote: Total 139 (delta 41), reused 131 (delta 35), pack-reused 0 (from 0)
Receiving objects: 100% (139/139), 602.49 KiB | 1.38 MiB/s, done.
Resolving deltas: 100% (41/41), done.
vboxuser@My-ubuntu-linux:~/kasirskaaalina09-gif/workspace/projects$ cd lab06
vboxuser@My-ubuntu-linux:~/kasirskaaalina09-gif/workspace/projects/lab06$ cmake -B build
CMake Deprecation Warning at CMakeLists.txt:1 (cmake_minimum_required):
  Compatibility with CMake < 3.5 will be removed from a future version of
  CMake.

  Update the VERSION argument <min> value or use a ...<max> suffix to tell
  CMake that the project does not need compatibility with older versions.


-- The C compiler identification is GNU 13.3.0
-- The CXX compiler identification is GNU 13.3.0
-- Detecting C compiler ABI info
-- Detecting C compiler ABI info - done
-- Check for working C compiler: /usr/bin/cc - skipped
-- Detecting C compile features
-- Detecting C compile features - done
-- Detecting CXX compiler ABI info
-- Detecting CXX compiler ABI info - done
-- Check for working CXX compiler: /usr/bin/c++ - skipped
-- Detecting CXX compile features
-- Detecting CXX compile features - done
CMake Deprecation Warning at formatter_lib/CMakeLists.txt:1 (cmake_minimum_required):
  Compatibility with CMake < 3.5 will be removed from a future version of
  CMake.

  Update the VERSION argument <min> value or use a ...<max> suffix to tell
  CMake that the project does not need compatibility with older versions.


CMake Deprecation Warning at formatter_ex_lib/CMakeLists.txt:1 (cmake_minimum_required):
  Compatibility with CMake < 3.5 will be removed from a future version of
  CMake.

  Update the VERSION argument <min> value or use a ...<max> suffix to tell
  CMake that the project does not need compatibility with older versions.


CMake Deprecation Warning at solver_lib/CMakeLists.txt:1 (cmake_minimum_required):
  Compatibility with CMake < 3.5 will be removed from a future version of
  CMake.

  Update the VERSION argument <min> value or use a ...<max> suffix to tell
  CMake that the project does not need compatibility with older versions.


CMake Deprecation Warning at hello_world_application/CMakeLists.txt:1 (cmake_minimum_required):
  Compatibility with CMake < 3.5 will be removed from a future version of
  CMake.

  Update the VERSION argument <min> value or use a ...<max> suffix to tell
  CMake that the project does not need compatibility with older versions.


CMake Deprecation Warning at solver_application/CMakeLists.txt:1 (cmake_minimum_required):
  Compatibility with CMake < 3.5 will be removed from a future version of
  CMake.

  Update the VERSION argument <min> value or use a ...<max> suffix to tell
  CMake that the project does not need compatibility with older versions.


-- Configuring done (0.4s)
-- Generating done (0.0s)
-- Build files have been written to: /home/vboxuser/kasirskaaalina09-gif/workspace/projects/lab06/build
vboxuser@My-ubuntu-linux:~/kasirskaaalina09-gif/workspace/projects/lab06$ cmake --build build
[  6%] Building CXX object CMakeFiles/print.dir/sources/print.cpp.o
[ 13%] Linking CXX static library libprint.a
[ 13%] Built target print
[ 20%] Building CXX object formatter_lib/CMakeFiles/formatter.dir/formatter.cpp.o
[ 26%] Linking CXX static library libformatter.a
[ 26%] Built target formatter
[ 33%] Building CXX object formatter_ex_lib/CMakeFiles/formatter_ex.dir/formatter_ex.cpp.o
[ 40%] Linking CXX static library libformatter_ex.a
[ 40%] Built target formatter_ex
[ 46%] Building CXX object solver_lib/CMakeFiles/solver.dir/solver.cpp.o
[ 53%] Linking CXX static library libsolver.a
[ 53%] Built target solver
[ 60%] Building CXX object hello_world_application/CMakeFiles/hello_world.dir/hello_world.cpp.o
[ 66%] Linking CXX executable hello_world
[ 66%] Built target hello_world
[ 73%] Building CXX object solver_application/CMakeFiles/solver_application.dir/equation.cpp.o
[ 80%] Linking CXX executable solver_application
[ 80%] Built target solver_application
[ 86%] Building CXX object banking/CMakeFiles/banking.dir/Account.cpp.o
[ 93%] Building CXX object banking/CMakeFiles/banking.dir/Transaction.cpp.o
[100%] Linking CXX static library libbanking.a
[100%] Built target banking
vboxuser@My-ubuntu-linux:~/kasirskaaalina09-gif/workspace/projects/lab06$ ls
artifacts  build           examples  formatter_ex_lib  hello_world_application  include  README.md           solver_lib  tests
banking    CMakeLists.txt  file.txt  formatter_lib     hello_world.cpp          log.txt  solver_application  sources     third-party
vboxuser@My-ubuntu-linux:~/kasirskaaalina09-gif/workspace/projects/lab06$ nano  CMakeLists.txt
vboxuser@My-ubuntu-linux:~/kasirskaaalina09-gif/workspace/projects/lab06$ cmake -B build
CMake Deprecation Warning at CMakeLists.txt:1 (cmake_minimum_required):
  Compatibility with CMake < 3.5 will be removed from a future version of
  CMake.

  Update the VERSION argument <min> value or use a ...<max> suffix to tell
  CMake that the project does not need compatibility with older versions.


CMake Deprecation Warning at formatter_lib/CMakeLists.txt:1 (cmake_minimum_required):
  Compatibility with CMake < 3.5 will be removed from a future version of
  CMake.

  Update the VERSION argument <min> value or use a ...<max> suffix to tell
  CMake that the project does not need compatibility with older versions.


CMake Deprecation Warning at formatter_ex_lib/CMakeLists.txt:1 (cmake_minimum_required):
  Compatibility with CMake < 3.5 will be removed from a future version of
  CMake.

  Update the VERSION argument <min> value or use a ...<max> suffix to tell
  CMake that the project does not need compatibility with older versions.


CMake Deprecation Warning at solver_lib/CMakeLists.txt:1 (cmake_minimum_required):
  Compatibility with CMake < 3.5 will be removed from a future version of
  CMake.

  Update the VERSION argument <min> value or use a ...<max> suffix to tell
  CMake that the project does not need compatibility with older versions.


CMake Deprecation Warning at hello_world_application/CMakeLists.txt:1 (cmake_minimum_required):
  Compatibility with CMake < 3.5 will be removed from a future version of
  CMake.

  Update the VERSION argument <min> value or use a ...<max> suffix to tell
  CMake that the project does not need compatibility with older versions.


CMake Deprecation Warning at solver_application/CMakeLists.txt:1 (cmake_minimum_required):
  Compatibility with CMake < 3.5 will be removed from a future version of
  CMake.

  Update the VERSION argument <min> value or use a ...<max> suffix to tell
  CMake that the project does not need compatibility with older versions.


-- Configuring done (0.0s)
-- Generating done (0.0s)
-- Build files have been written to: /home/vboxuser/kasirskaaalina09-gif/workspace/projects/lab06/build
vboxuser@My-ubuntu-linux:~/kasirskaaalina09-gif/workspace/projects/lab06$ cmake --build build
[ 13%] Built target print
[ 26%] Built target formatter
[ 40%] Built target formatter_ex
[ 53%] Built target solver
[ 66%] Built target hello_world
[ 80%] Built target solver_application
[100%] Built target banking
vboxuser@My-ubuntu-linux:~/kasirskaaalina09-gif/workspace/projects/lab06$ touch DESCRIPTION
vboxuser@My-ubuntu-linux:~/kasirskaaalina09-gif/workspace/projects/lab06$ nano DESCRIPTION
vboxuser@My-ubuntu-linux:~/kasirskaaalina09-gif/workspace/projects/lab06$ cat DESCRIPTION
Lab06 project: example of CPack usage.
vboxuser@My-ubuntu-linux:~/kasirskaaalina09-gif/workspace/projects/lab06$ touch ChangeLog.md
vboxuser@My-ubuntu-linux:~/kasirskaaalina09-gif/workspace/projects/lab06$ export DATE="$(LANG=en_US date +'%a %b %d %Y')"
vboxuser@My-ubuntu-linux:~/kasirskaaalina09-gif/workspace/projects/lab06$ cat > ChangeLog.md <<EOF
* ${DATE} your_username <your_email> 0.1.0.0

- Initial RPM release
EOF
vboxuser@My-ubuntu-linux:~/kasirskaaalina09-gif/workspace/projects/lab06$  cat > ChangeLog.md <<EOF
* ${DATE} kasirskaaalina09-gif <kasirskaaalina09@gmail.com> 0.1.0.0

- Initial RPM release
EOF
vboxuser@My-ubuntu-linux:~/kasirskaaalina09-gif/workspace/projects/lab06$ cat ChangeLog.md
* Tue May 26 2026 kasirskaaalina09-gif <kasirskaaalina09@gmail.com> 0.1.0.0

- Initial RPM release
vboxuser@My-ubuntu-linux:~/kasirskaaalina09-gif/workspace/projects/lab06$ touch CPackConfig.cmake
vboxuser@My-ubuntu-linux:~/kasirskaaalina09-gif/workspace/projects/lab06$ nano CPackConfig.cmake
vboxuser@My-ubuntu-linux:~/kasirskaaalina09-gif/workspace/projects/lab06$ nanoCMakeLists.txt 
nanoCMakeLists.txt: command not found
vboxuser@My-ubuntu-linux:~/kasirskaaalina09-gif/workspace/projects/lab06$ nano CMakeLists.txt 
vboxuser@My-ubuntu-linux:~/kasirskaaalina09-gif/workspace/projects/lab06$ cat CMakeLists.txt 
cmake_minimum_required(VERSION 3.4)

set(CMAKE_CXX_STANDARD 11)
set(CMAKE_CXX_STANDARD_REQUIRED ON)

set(CMAKE_CXX_FLAGS "${CMAKE_CXX_FLAGS} -Wno-error=maybe-uninitialized")

option(BUILD_EXAMPLES "Build examples" OFF)
option(BUILD_TESTS "Build tests" OFF)

project(print)

set(PRINT_VERSION_MAJOR 0)
set(PRINT_VERSION_MINOR 1)
set(PRINT_VERSION_PATCH 0)
set(PRINT_VERSION_TWEAK 0)

set(PRINT_VERSION
    ${PRINT_VERSION_MAJOR}.${PRINT_VERSION_MINOR}.${PRINT_VERSION_PATCH}.${PRINT_VERSION_TWEAK}
)

if(BUILD_TESTS)
    add_compile_options(--coverage -O0 -g)
    add_link_options(--coverage)
endif()

add_library(print STATIC
    ${CMAKE_CURRENT_SOURCE_DIR}/sources/print.cpp
)

target_include_directories(print PUBLIC
    $<BUILD_INTERFACE:${CMAKE_CURRENT_SOURCE_DIR}/include>
    $<INSTALL_INTERFACE:include>
)

if(BUILD_EXAMPLES)

    file(GLOB EXAMPLE_SOURCES
        "${CMAKE_CURRENT_SOURCE_DIR}/examples/*.cpp"
    )

    foreach(EXAMPLE_SOURCE ${EXAMPLE_SOURCES})

        get_filename_component(
            EXAMPLE_NAME
            ${EXAMPLE_SOURCE}
            NAME_WE
        )

        add_executable(
            ${EXAMPLE_NAME}
            ${EXAMPLE_SOURCE}
        )

        target_link_libraries(
            ${EXAMPLE_NAME}
            print
        )

        install(
            TARGETS ${EXAMPLE_NAME}
            RUNTIME DESTINATION bin
        )

    endforeach()

endif()

install(
    TARGETS print
    EXPORT print-config
    ARCHIVE DESTINATION lib
    LIBRARY DESTINATION lib
)

install(
    DIRECTORY ${CMAKE_CURRENT_SOURCE_DIR}/include/
    DESTINATION include
)

install(
    EXPORT print-config
    DESTINATION cmake
)

add_subdirectory(formatter_lib)
add_subdirectory(formatter_ex_lib)
add_subdirectory(solver_lib)
add_subdirectory(hello_world_application)
add_subdirectory(solver_application)
add_subdirectory(banking)

if(BUILD_TESTS)

    enable_testing()

    add_subdirectory(third-party/gtest)

    file(GLOB ${PROJECT_NAME}_TEST_SOURCES
        tests/*.cpp
    )

    add_executable(
        check
        ${${PROJECT_NAME}_TEST_SOURCES}
    )

    target_link_libraries(
        check
        ${PROJECT_NAME}
        gtest_main
    )

    add_test(
        NAME check
        COMMAND check
    )

    add_executable(
        banking_tests
        banking/tests/test_account.cpp
        banking/tests/test_transaction.cpp
    )

    target_include_directories(
        banking_tests PUBLIC
        banking
    )

    target_link_libraries(
        banking_tests
        banking
        gtest
        gtest_main
        gmock
        pthread
    )

    add_test(
        NAME banking_tests
        COMMAND banking_tests
    )

endif()

vboxuser@My-ubuntu-linux:~/kasirskaaalina09-gif/workspace/projects/lab06$ nano @My-ubuntu-linux:~/kasirskaaalina09-gif/workspace/projects/lab06$ cat CMakeLists.txt 
cmake_minimum_required(VERSION 3.4)

set(CMAKE_CXX_STANDARD 11)
set(CMAKE_CXX_STANDARD_REQUIRED ON)

set(CMAKE_CXX_FLAGS "${CMAKE_CXX_FLAGS} -Wno-error=maybe-uninitialized")

option(BUILD_EXAMPLES "Build examples" OFF)
option(BUILD_TESTS "Build tests" OFF)

project(print)

set(PRINT_VERSION_MAJOR 0)
set(PRINT_VERSION_MINOR 1)
set(PRINT_VERSION_PATCH 0)
set(PRINT_VERSION_TWEAK 0)

set(PRINT_VERSION
    ${PRINT_VERSION_MAJOR}.${PRINT_VERSION_MINOR}.${PRINT_VERSION_PATCH}.${PRINT_VERSION_TWEAK}
)

if(BUILD_TESTS)
    add_compile_options(--coverage -O0 -g)
    add_link_options(--coverage)
endif()

add_library(print STATIC
    ${CMAKE_CURRENT_SOURCE_DIR}/sources/print.cpp
)

target_include_directories(print PUBLIC
    $<BUILD_INTERFACE:${CMAKE_CURRENT_SOURCE_DIR}/include>
    $<INSTALL_INTERFACE:include>
)

if(BUILD_EXAMPLES)

    file(GLOB EXAMPLE_SOURCES
        "${CMAKE_CURRENT_SOURCE_DIR}/examples/*.cpp"
    )

endif() COMMAND banking_testss(saction.cppinclude/
bash: syntax error near unexpected token `VERSION'
bash: syntax error near unexpected token `CMAKE_CXX_STANDARD'
bash: syntax error near unexpected token `CMAKE_CXX_STANDARD_REQUIRED'
bash: syntax error near unexpected token `CMAKE_CXX_FLAGS'
bash: syntax error near unexpected token `BUILD_EXAMPLES'
bash: syntax error near unexpected token `BUILD_TESTS'
bash: syntax error near unexpected token `print'
bash: syntax error near unexpected token `PRINT_VERSION_MAJOR'
bash: syntax error near unexpected token `PRINT_VERSION_MINOR'
bash: syntax error near unexpected token `PRINT_VERSION_PATCH'
bash: syntax error near unexpected token `PRINT_VERSION_TWEAK'
bash: syntax error near unexpected token `PRINT_VERSION'
...: command not found
bash: syntax error near unexpected token `)'
bash: syntax error near unexpected token `--coverage'
bash: syntax error near unexpected token `--coverage'
bash: syntax error near unexpected token `add_library'
bash: /sources/print.cpp: No such file or directory
bash: syntax error near unexpected token `)'
bash: syntax error near unexpected token `print'
bash: syntax error near unexpected token `newline'
bash: syntax error near unexpected token `newline'
bash: syntax error near unexpected token `)'
bash: syntax error near unexpected token `GLOB'
bash: /examples/*.cpp: No such file or directory
bash: syntax error near unexpected token `)'
bash: syntax error near unexpected token `EXAMPLE_SOURCE'
bash: syntax error near unexpected token `newline'
EXAMPLE_NAME: command not found
NAME_WE: command not found
bash: syntax error near unexpected token `)'
bash: syntax error near unexpected token `newline'
bash: syntax error near unexpected token `)'
bash: syntax error near unexpected token `newline'
Command 'print' not found, but can be installed with:
sudo apt install mailcap
bash: syntax error near unexpected token `)'
bash: syntax error near unexpected token `newline'
TARGETS: command not found
RUNTIME: command not found
bash: syntax error near unexpected token `)'
bash: syntax error near unexpected token `endif'
bash: syntax error near unexpected token `newline'
TARGETS: command not found
EXPORT: command not found
ARCHIVE: command not found
LIBRARY: command not found
bash: syntax error near unexpected token `)'
bash: syntax error near unexpected token `newline'
DIRECTORY: command not found
DESTINATION: command not found
bash: syntax error near unexpected token `)'
bash: syntax error near unexpected token `newline'
EXPORT: command not found
DESTINATION: command not found
bash: syntax error near unexpected token `)'
bash: syntax error near unexpected token `formatter_lib'
bash: syntax error near unexpected token `formatter_ex_lib'
bash: syntax error near unexpected token `solver_lib'
bash: syntax error near unexpected token `hello_world_application'
bash: syntax error near unexpected token `solver_application'
bash: syntax error near unexpected token `banking'
bash: syntax error near unexpected token `add_subdirectory'
bash: syntax error near unexpected token `GLOB'
bash: tests/test1.cpp: Permission denied
bash: syntax error near unexpected token `)'
bash: syntax error near unexpected token `newline'
Command 'check' not found, did you mean:
  command 'icheck' from deb icheck (0.9.7-6.6)
  command 'fcheck' from deb fcheck (2.7.59-26)
  command 'chuck' from deb chuck (1.5.1.8-1)
  command 'acheck' from deb acheck (0.5.11)
  command 'mcheck' from deb mtools (4.0.43-1)
  command 'vcheck' from deb vcheck (1.2.1-7.2)
  command 'hcheck' from deb ganeti (3.0.2-3)
  command 'hcheck' from deb ganeti-htools (3.0.2-3)
Try: sudo apt install <deb name>
bash: ${${PROJECT_NAME}_TEST_SOURCES}: bad substitution
bash: syntax error near unexpected token `)'
bash: syntax error near unexpected token `newline'
Command 'check' not found, did you mean:
  command 'hcheck' from deb ganeti (3.0.2-3)
  command 'hcheck' from deb ganeti-htools (3.0.2-3)
  command 'icheck' from deb icheck (0.9.7-6.6)
  command 'acheck' from deb acheck (0.5.11)
  command 'vcheck' from deb vcheck (1.2.1-7.2)
  command 'fcheck' from deb fcheck (2.7.59-26)
  command 'mcheck' from deb mtools (4.0.43-1)
  command 'chuck' from deb chuck (1.5.1.8-1)
Try: sudo apt install <deb name>
gtest_main: command not found
bash: syntax error near unexpected token `)'
bash: syntax error near unexpected token `newline'
NAME: command not found
COMMAND: command not found
bash: syntax error near unexpected token `)'
bash: syntax error near unexpected token `newline'
banking_tests: command not found
bash: banking/tests/test_account.cpp: Permission denied
bash: banking/tests/test_transaction.cpp: Permission denied
bash: syntax error near unexpected token `)'
bash: syntax error near unexpected token `newline'
banking_tests: command not found
banking: command not found
bash: syntax error near unexpected token `)'
bash: syntax error near unexpected token `newline'
banking_tests: command not found
banking: command not found
Command 'gtest' not found, but there are 15 similar ones.
gtest_main: command not found
gmock: command not found
Command 'pthread' not found, did you mean:
  command 'mthread' from deb mblaze (1.1-1)
Try: sudo apt install <deb name>
bash: syntax error near unexpected token `)'
bash: syntax error near unexpected token `newline'
NAME: command not found
COMMAND: command not found
bash: syntax error near unexpected token `)'
> q
bash: syntax error near unexpected token `q'
vboxuser@My-ubuntu-linux:~/kasirskaaalina09-gif/workspace/projects/lab06$ nano CMakeLists.txt 
vboxuser@My-ubuntu-linux:~/kasirskaaalina09-gif/workspace/projects/lab06$ cmake -H. -B_build
CMake Deprecation Warning at CMakeLists.txt:1 (cmake_minimum_required):
  Compatibility with CMake < 3.5 will be removed from a future version of
  CMake.

  Update the VERSION argument <min> value or use a ...<max> suffix to tell
  CMake that the project does not need compatibility with older versions.


-- The C compiler identification is GNU 13.3.0
-- The CXX compiler identification is GNU 13.3.0
-- Detecting C compiler ABI info
-- Detecting C compiler ABI info - done
-- Check for working C compiler: /usr/bin/cc - skipped
-- Detecting C compile features
-- Detecting C compile features - done
-- Detecting CXX compiler ABI info
-- Detecting CXX compiler ABI info - done
-- Check for working CXX compiler: /usr/bin/c++ - skipped
-- Detecting CXX compile features
-- Detecting CXX compile features - done
CMake Deprecation Warning at formatter_lib/CMakeLists.txt:1 (cmake_minimum_required):
  Compatibility with CMake < 3.5 will be removed from a future version of
  CMake.

  Update the VERSION argument <min> value or use a ...<max> suffix to tell
  CMake that the project does not need compatibility with older versions.


CMake Deprecation Warning at formatter_ex_lib/CMakeLists.txt:1 (cmake_minimum_required):
  Compatibility with CMake < 3.5 will be removed from a future version of
  CMake.

  Update the VERSION argument <min> value or use a ...<max> suffix to tell
  CMake that the project does not need compatibility with older versions.


CMake Deprecation Warning at solver_lib/CMakeLists.txt:1 (cmake_minimum_required):
  Compatibility with CMake < 3.5 will be removed from a future version of
  CMake.

  Update the VERSION argument <min> value or use a ...<max> suffix to tell
  CMake that the project does not need compatibility with older versions.


CMake Deprecation Warning at hello_world_application/CMakeLists.txt:1 (cmake_minimum_required):
  Compatibility with CMake < 3.5 will be removed from a future version of
  CMake.

  Update the VERSION argument <min> value or use a ...<max> suffix to tell
  CMake that the project does not need compatibility with older versions.


CMake Deprecation Warning at solver_application/CMakeLists.txt:1 (cmake_minimum_required):
  Compatibility with CMake < 3.5 will be removed from a future version of
  CMake.

  Update the VERSION argument <min> value or use a ...<max> suffix to tell
  CMake that the project does not need compatibility with older versions.


-- Configuring done (0.4s)
-- Generating done (0.0s)
-- Build files have been written to: /home/vboxuser/kasirskaaalina09-gif/workspace/projects/lab06/_build
vboxuser@My-ubuntu-linux:~/kasirskaaalina09-gif/workspace/projects/lab06$ 
vboxuser@My-ubuntu-linux:~/kasirskaaalina09-gif/workspace/projects/lab06$ cmake --build _build
[  6%] Building CXX object CMakeFiles/print.dir/sources/print.cpp.o
[ 13%] Linking CXX static library libprint.a
[ 13%] Built target print
[ 20%] Building CXX object formatter_lib/CMakeFiles/formatter.dir/formatter.cpp.o
[ 26%] Linking CXX static library libformatter.a
[ 26%] Built target formatter
[ 33%] Building CXX object formatter_ex_lib/CMakeFiles/formatter_ex.dir/formatter_ex.cpp.o
[ 40%] Linking CXX static library libformatter_ex.a
[ 40%] Built target formatter_ex
[ 46%] Building CXX object solver_lib/CMakeFiles/solver.dir/solver.cpp.o
[ 53%] Linking CXX static library libsolver.a
[ 53%] Built target solver
[ 60%] Building CXX object hello_world_application/CMakeFiles/hello_world.dir/hello_world.cpp.o
[ 66%] Linking CXX executable hello_world
[ 66%] Built target hello_world
[ 73%] Building CXX object solver_application/CMakeFiles/solver_application.dir/equation.cpp.o
[ 80%] Linking CXX executable solver_application
[ 80%] Built target solver_application
[ 86%] Building CXX object banking/CMakeFiles/banking.dir/Account.cpp.o
[ 93%] Building CXX object banking/CMakeFiles/banking.dir/Transaction.cpp.o
[100%] Linking CXX static library libbanking.a
[100%] Built target banking
vboxuser@My-ubuntu-linux:~/kasirskaaalina09-gif/workspace/projects/lab06$ cd _build
vboxuser@My-ubuntu-linux:~/kasirskaaalina09-gif/workspace/projects/lab06/_build$ cpack -G TGZ
CPack: Create package using TGZ
CPack: Install projects
CPack: - Run preinstall target for: print
CPack: - Install project: print []
CPack: Create package
CPack: - package: /home/vboxuser/kasirskaaalina09-gif/workspace/projects/lab06/_build/print-0.1.0.0-Linux.tar.gz generated.
vboxuser@My-ubuntu-linux:~/kasirskaaalina09-gif/workspace/projects/lab06/_build$ cd ..
vboxuser@My-ubuntu-linux:~/kasirskaaalina09-gif/workspace/projects/lab06$ mkdir -p artifacts
vboxuser@My-ubuntu-linux:~/kasirskaaalina09-gif/workspace/projects/lab06$ mv _build/*.tar.gz artifacts
vboxuser@My-ubuntu-linux:~/kasirskaaalina09-gif/workspace/projects/lab06$ tree artifacts
artifacts
├── print-0.1.0.0-Linux.tar.gz
└── screenshot.png

1 directory, 2 files
vboxuser@My-ubuntu-linux:~/kasirskaaalina09-gif/workspace/projects/lab06$ nano .github/workflows/ci.yml
vboxuser@My-ubuntu-linux:~/kasirskaaalina09-gif/workspace/projects/lab06$ git add .
vboxuser@My-ubuntu-linux:~/kasirskaaalina09-gif/workspace/projects/lab06$ git commit -m "added release workflow"
[main 069faad] added release workflow
 6 files changed, 49 insertions(+), 24 deletions(-)
 create mode 100644 CPackConfig.cmake
 create mode 100644 ChangeLog.md
 create mode 100644 DESCRIPTION
 create mode 100644 artifacts/print-0.1.0.0-Linux.tar.gz
vboxuser@My-ubuntu-linux:~/kasirskaaalina09-gif/workspace/projects/lab06$ git push origin main 
Username for 'https://github.com': kasirskaaalina09-gif
Password for 'https://kasirskaaalina09-gif@github.com': 
Enumerating objects: 17, done.
Counting objects: 100% (17/17), done.
Delta compression using up to 5 threads
Compressing objects: 100% (8/8), done.
Writing objects: 100% (11/11), 3.92 KiB | 1.31 MiB/s, done.
Total 11 (delta 2), reused 0 (delta 0), pack-reused 0
remote: Resolving deltas: 100% (2/2), completed with 2 local objects.
To https://github.com/kasirskaaalina09-gif/lab05.git
   26d46fa..069faad  main -> main
vboxuser@My-ubuntu-linux:~/kasirskaaalina09-gif/workspace/projects/lab06$ git tag v1.0.0
vboxuser@My-ubuntu-linux:~/kasirskaaalina09-gif/workspace/projects/lab06$ git push origin  v1.0.0
Username for 'https://github.com': kasirskaaalina09-gif
Password for 'https://kasirskaaalina09-gif@github.com': 
Total 0 (delta 0), reused 0 (delta 0), pack-reused 0
To https://github.com/kasirskaaalina09-gif/lab05.git
 * [new tag]         v1.0.0 -> v1.0.0
vboxuser@My-ubuntu-linux:~/kasirskaaalina09-gif/workspace/projects/lab06$ cd ..
vboxuser@My-ubuntu-linux:~/kasirskaaalina09-gif/workspace/projects$ cd lab05
vboxuser@My-ubuntu-linux:~/kasirskaaalina09-gif/workspace/projects/lab05$ git log --online -5
fatal: unrecognized argument: --online
vboxuser@My-ubuntu-linux:~/kasirskaaalina09-gif/workspace/projects/lab05$ git log --oneline -5
0d6d0e7 (HEAD -> main, origin/main) updated screenshot
80d8cf6 README.md has been changed
d574b80 screenshot has been added
d5e9b79 update ci
91c4e4e added banking tests and coverage
vboxuser@My-ubuntu-linux:~/kasirskaaalina09-gif/workspace/projects/lab05$ cd ..
vboxuser@My-ubuntu-linux:~/kasirskaaalina09-gif/workspace/projects$ cd lab06
vboxuser@My-ubuntu-linux:~/kasirskaaalina09-gif/workspace/projects/lab06$ git remote -v
origin	https://github.com/kasirskaaalina09-gif/lab05.git (fetch)
origin	https://github.com/kasirskaaalina09-gif/lab05.git (push)
vboxuser@My-ubuntu-linux:~/kasirskaaalina09-gif/workspace/projects/lab06$ git remote remove origin 
vboxuser@My-ubuntu-linux:~/kasirskaaalina09-gif/workspace/projects/lab06$ git remote add origin https://github.com/kasirskaaalina09-gif/lab06.git
vboxuser@My-ubuntu-linux:~/kasirskaaalina09-gif/workspace/projects/lab06$ git remote -v
origin	https://github.com/kasirskaaalina09-gif/lab06.git (fetch)
origin	https://github.com/kasirskaaalina09-gif/lab06.git (push)
vboxuser@My-ubuntu-linux:~/kasirskaaalina09-gif/workspace/projects/lab06$ cd ..
vboxuser@My-ubuntu-linux:~/kasirskaaalina09-gif/workspace/projects$ cd lab05
vboxuser@My-ubuntu-linux:~/kasirskaaalina09-gif/workspace/projects/lab05$ git log --oneline
0d6d0e7 (HEAD -> main, origin/main) updated screenshot
80d8cf6 README.md has been changed
d574b80 screenshot has been added
d5e9b79 update ci
91c4e4e added banking tests and coverage
de40b72 added gtest framework and tests
b3bc43c added gtest framework
e3439cc Merge branch 'main' of https://github.com/kasirskaaalina09-gif/lab04
91e9832 added READMED.md
65f3a3c Delete README03.md
68567ab removed tmp
c3822f4 updated checkout version
80454f3 fixed branch name
f166c4c run ci
2bcfad5 added github actions
8de8968 Delete README.md
f0cd93d completed lab03
4f23313 README.md
61b89cf Merge pull request #2 from kasirskaaalina09-gif/patch2
7d8f34e Style was changed by option -style=Mozilla
67ba4b2 Update hello_world.cpp(comment was translated)
51e6948 Merge branch 'main' of https://github.com/kasirskaaalina09-gif/lab20
257f1d6 added sources
b5e97a1 Merge pull request #1 from kasirskaaalina09-gif/patch1
9f8fe09 added comment to hello_world.cpp
8bf45f7 using namespace std was deleted from hello_world.cpp
0a50119 Added changed hello_world.cpp
d7ea42b Added Hello_world.cpp
6f1145d added .gitignore
vboxuser@My-ubuntu-linux:~/kasirskaaalina09-gif/workspace/projects/lab05$ git status
On branch main
nothing to commit, working tree clean
vboxuser@My-ubuntu-linux:~/kasirskaaalina09-gif/workspace/projects/lab05$ git push --force origin main
Username for 'https://github.com': kasirskaaalina09-gif
Password for 'https://kasirskaaalina09-gif@github.com': 
Enumerating objects: 135, done.
Counting objects: 100% (135/135), done.
Delta compression using up to 5 threads
Compressing objects: 100% (89/89), done.
Writing objects: 100% (135/135), 599.92 KiB | 17.14 MiB/s, done.
Total 135 (delta 39), reused 85 (delta 26), pack-reused 0
remote: Resolving deltas: 100% (39/39), done.
To https://github.com/kasirskaaalina09-gif/lab05.git
 + 069faad...0d6d0e7 main -> main (forced update)
vboxuser@My-ubuntu-linux:~/kasirskaaalina09-gif/workspace/projects/lab05$ cd ..
vboxuser@My-ubuntu-linux:~/kasirskaaalina09-gif/workspace/projects$ cd lab06
vboxuser@My-ubuntu-linux:~/kasirskaaalina09-gif/workspace/projects/lab06$ git add .
vboxuser@My-ubuntu-linux:~/kasirskaaalina09-gif/workspace/projects/lab06$ git commiy -m "added cpack config"
git: 'commiy' is not a git command. See 'git --help'.

The most similar command is
	commit
vboxuser@My-ubuntu-linux:~/kasirskaaalina09-gif/workspace/projects/lab06$ git commit -m "added cpack config"
On branch main
nothing to commit, working tree clean
vboxuser@My-ubuntu-linux:~/kasirskaaalina09-gif/workspace/projects/lab06$ ls
artifacts  _build  ChangeLog.md    CPackConfig.cmake  examples  formatter_ex_lib  hello_world_application  include  README.md           solver_lib  tests
banking    build   CMakeLists.txt  DESCRIPTION        file.txt  formatter_lib     hello_world.cpp          log.txt  solver_application  sources     third-party
vboxuser@My-ubuntu-linux:~/kasirskaaalina09-gif/workspace/projects/lab06$ git push origin main
Username for 'https://github.com': kasirskaaalina09-gif
Password for 'https://kasirskaaalina09-gif@github.com': 
Enumerating objects: 150, done.
Counting objects: 100% (150/150), done.
Delta compression using up to 5 threads
Compressing objects: 100% (86/86), done.
Writing objects: 100% (150/150), 606.34 KiB | 43.31 MiB/s, done.
Total 150 (delta 43), reused 137 (delta 41), pack-reused 0
remote: Resolving deltas: 100% (43/43), done.
To https://github.com/kasirskaaalina09-gif/lab06.git
 * [new branch]      main -> main
vboxuser@My-ubuntu-linux:~/kasirskaaalina09-gif/workspace/projects/lab06$ tree .github
.github
└── workflows
    └── ci.yml

2 directories, 1 file
vboxuser@My-ubuntu-linux:~/kasirskaaalina09-gif/workspace/projects/lab06$ git log --oneline -1
069faad (HEAD -> main, tag: v1.0.0, origin/main) added release workflow
vboxuser@My-ubuntu-linux:~/kasirskaaalina09-gif/workspace/projects/lab06$ mv .github/workflows/ci.yml2 .github/workflows/ci.yml
mv: cannot stat '.github/workflows/ci.yml2': No such file or directory
vboxuser@My-ubuntu-linux:~/kasirskaaalina09-gif/workspace/projects/lab06$ cat .github/workflows/ci.yml
name: Create Release Packages

on:
  push:
    tags:
      - 'v*'

jobs:
  build_linux:
    name: Build Linux packages
    runs-on: ubuntu-latest

    steps:
      - uses: actions/checkout@v4

      - name: Install RPM tools
        run: sudo apt-get update && sudo apt-get install -y rpm

      - name: Configure CMake
        run: cmake -B build -DCMAKE_BUILD_TYPE=Release

      - name: Build
        run: cmake --build build --config Release

      - name: Package DEB
        run: cd build && cpack -G DEB

      - name: Package RPM
        run: cd build && cpack -G RPM

      - name: Upload artifacts
        uses: actions/upload-artifact@v4
        with:
          name: linux-packages
          path: |
            build/*.deb
            build/*.rpm
vboxuser@My-ubuntu-linux:~/kasirskaaalina09-gif/workspace/projects/lab06$ git tag v1.0.1
vboxuser@My-ubuntu-linux:~/kasirskaaalina09-gif/workspace/projects/lab06$ git push origin v1.0.1
Username for 'https://github.com': kasirskaaalina09-gif
Password for 'https://kasirskaaalina09-gif@github.com': 
Total 0 (delta 0), reused 0 (delta 0), pack-reused 0
To https://github.com/kasirskaaalina09-gif/lab06.git
 * [new tag]         v1.0.1 -> v1.0.1
vboxuser@My-ubuntu-linux:~/kasirskaaalina09-gif/workspace/projects/lab06$ git status
On branch main
nothing to commit, working tree clean
vboxuser@My-ubuntu-linux:~/kasirskaaalina09-gif/workspace/projects/lab06$ git tag v1.0.3
vboxuser@My-ubuntu-linux:~/kasirskaaalina09-gif/workspace/projects/lab06$ git push origin v1.0.3
Username for 'https://github.com': kasirskaaalina09-gif
Password for 'https://kasirskaaalina09-gif@github.com': 
Total 0 (delta 0), reused 0 (delta 0), pack-reused 0
To https://github.com/kasirskaaalina09-gif/lab06.git
 * [new tag]         v1.0.3 -> v1.0.3
vboxuser@My-ubuntu-linux:~/kasirskaaalina09-gif/workspace/projects/lab06$ git branch -vv
* main 069faad added release workflow
vboxuser@My-ubuntu-linux:~/kasirskaaalina09-gif/workspace/projects/lab06$ git log --oneline --decorate -5 
069faad (HEAD -> main, tag: v1.0.3, tag: v1.0.1, tag: v1.0.0, origin/main) added release workflow
26d46fa Delete check.txt
dc94799 Delete READMED.md
0d6d0e7 updated screenshot
80d8cf6 README.md has been changed
vboxuser@My-ubuntu-linux:~/kasirskaaalina09-gif/workspace/projects/lab06$ file .github/workflows/ci.yml
.github/workflows/ci.yml: ASCII text
vboxuser@My-ubuntu-linux:~/kasirskaaalina09-gif/workspace/projects/lab06$ nano .github/workflows/ci.yml
vboxuser@My-ubuntu-linux:~/kasirskaaalina09-gif/workspace/projects/lab06$ git add .
vboxuser@My-ubuntu-linux:~/kasirskaaalina09-gif/workspace/projects/lab06$ git commit -m "add manual trigger for actions"
[main 230283e] add manual trigger for actions
 1 file changed, 1 insertion(+)
vboxuser@My-ubuntu-linux:~/kasirskaaalina09-gif/workspace/projects/lab06$ git push origin main
Username for 'https://github.com': kasirskaaalina09-gif
Password for 'https://kasirskaaalina09-gif@github.com': 
Enumerating objects: 9, done.
Counting objects: 100% (9/9), done.
Delta compression using up to 5 threads
Compressing objects: 100% (3/3), done.
Writing objects: 100% (5/5), 417 bytes | 417.00 KiB/s, done.
Total 5 (delta 2), reused 0 (delta 0), pack-reused 0
remote: Resolving deltas: 100% (2/2), completed with 2 local objects.
To https://github.com/kasirskaaalina09-gif/lab06.git
   069faad..230283e  main -> main
vboxuser@My-ubuntu-linux:~/kasirskaaalina09-gif/workspace/projects/lab06$ git status
On branch main
nothing to commit, working tree clean
vboxuser@My-ubuntu-linux:~/kasirskaaalina09-gif/workspace/projects/lab06$ git tag v1.0.0
fatal: tag 'v1.0.0' already exists
vboxuser@My-ubuntu-linux:~/kasirskaaalina09-gif/workspace/projects/lab06$ git tag -f v1.0.0
Updated tag 'v1.0.0' (was 069faad)
vboxuser@My-ubuntu-linux:~/kasirskaaalina09-gif/workspace/projects/lab06$ git push -f origin v1.0.0
Username for 'https://github.com': kasirskaaalina09-gif
Password for 'https://kasirskaaalina09-gif@github.com': 
Total 0 (delta 0), reused 0 (delta 0), pack-reused 0
To https://github.com/kasirskaaalina09-gif/lab06.git
 * [new tag]         v1.0.0 -> v1.0.0
vboxuser@My-ubuntu-linux:~/kasirskaaalina09-gif/workspace/projects/lab06$ git remote -v
origin	https://github.com/kasirskaaalina09-gif/lab06.git (fetch)
origin	https://github.com/kasirskaaalina09-gif/lab06.git (push)
vboxuser@My-ubuntu-linux:~/kasirskaaalina09-gif/workspace/projects/lab06$ nano .github/workflows/test.yml
vboxuser@My-ubuntu-linux:~/kasirskaaalina09-gif/workspace/projects/lab06$ git add .github/workflows/test.yml
vboxuser@My-ubuntu-linux:~/kasirskaaalina09-gif/workspace/projects/lab06$ git push origin main
Username for 'https://github.com': kasirskaaalina09-gif
Password for 'https://kasirskaaalina09-gif@github.com': 
Everything up-to-date
vboxuser@My-ubuntu-linux:~/kasirskaaalina09-gif/workspace/projects/lab06$ git push origin main
Username for 'https://github.com': kasirskaaalina09-gif
Password for 'https://kasirskaaalina09-gif@github.com': 
Everything up-to-date
vboxuser@My-ubuntu-linux:~/kasirskaaalina09-gif/workspace/projects/lab06$ git commit -m "added test for workflows"
[main b365f45] added test for workflows
 1 file changed, 16 insertions(+)
 create mode 100644 .github/workflows/test.yml
vboxuser@My-ubuntu-linux:~/kasirskaaalina09-gif/workspace/projects/lab06$ git push origin main
Username for 'https://github.com': kasirskaaalina09-gif
Password for 'https://kasirskaaalina09-gif@github.com': 
Enumerating objects: 8, done.
Counting objects: 100% (8/8), done.
Delta compression using up to 5 threads
Compressing objects: 100% (4/4), done.
Writing objects: 100% (5/5), 580 bytes | 580.00 KiB/s, done.
Total 5 (delta 1), reused 0 (delta 0), pack-reused 0
remote: Resolving deltas: 100% (1/1), completed with 1 local object.
To https://github.com/kasirskaaalina09-gif/lab06.git
   230283e..b365f45  main -> main
vboxuser@My-ubuntu-linux:~/kasirskaaalina09-gif/workspace/projects/lab06$ nano .github/workflows/ci.yml
vboxuser@My-ubuntu-linux:~/kasirskaaalina09-gif/workspace/projects/lab06$ git add .github/workflows/ci.yml
vboxuser@My-ubuntu-linux:~/kasirskaaalina09-gif/workspace/projects/lab06$ git commit -m "lab06 ci setup"
[main d982ebb] lab06 ci setup
 1 file changed, 15 insertions(+), 19 deletions(-)
vboxuser@My-ubuntu-linux:~/kasirskaaalina09-gif/workspace/projects/lab06$ git push origin main
Username for 'https://github.com': kasirskaaalina09-gif
Password for 'https://kasirskaaalina09-gif@github.com': 
Enumerating objects: 9, done.
Counting objects: 100% (9/9), done.
Delta compression using up to 5 threads
Compressing objects: 100% (4/4), done.
Writing objects: 100% (5/5), 723 bytes | 723.00 KiB/s, done.
Total 5 (delta 1), reused 0 (delta 0), pack-reused 0
remote: Resolving deltas: 100% (1/1), completed with 1 local object.
To https://github.com/kasirskaaalina09-gif/lab06.git
   b365f45..d982ebb  main -> main
vboxuser@My-ubuntu-linux:~/kasirskaaalina09-gif/workspace/projects/lab06$ git tag v1.0.0
fatal: tag 'v1.0.0' already exists
vboxuser@My-ubuntu-linux:~/kasirskaaalina09-gif/workspace/projects/lab06$ git tag v2.0.0
vboxuser@My-ubuntu-linux:~/kasirskaaalina09-gif/workspace/projects/lab06$ git push origin v2.0.0
Username for 'https://github.com': kasirskaaalina09-gif
Password for 'https://kasirskaaalina09-gif@github.com': 
Total 0 (delta 0), reused 0 (delta 0), pack-reused 0
To https://github.com/kasirskaaalina09-gif/lab06.git
 * [new tag]         v2.0.0 -> v2.0.0
vboxuser@My-ubuntu-linux:~/kasirskaaalina09-gif/workspace/projects/lab06$ cat CMakeLists.txt
cmake_minimum_required(VERSION 3.4)

set(CMAKE_CXX_STANDARD 11)
set(CMAKE_CXX_STANDARD_REQUIRED ON)

set(CMAKE_CXX_FLAGS "${CMAKE_CXX_FLAGS} -Wno-error=maybe-uninitialized")

option(BUILD_EXAMPLES "Build examples" OFF)
option(BUILD_TESTS "Build tests" OFF)

project(print)

set(PRINT_VERSION_MAJOR 0)
set(PRINT_VERSION_MINOR 1)
set(PRINT_VERSION_PATCH 0)
set(PRINT_VERSION_TWEAK 0)

set(PRINT_VERSION
    ${PRINT_VERSION_MAJOR}.${PRINT_VERSION_MINOR}.${PRINT_VERSION_PATCH}.${PRINT_VERSION_TWEAK}
)

if(BUILD_TESTS)
    add_compile_options(--coverage -O0 -g)
    add_link_options(--coverage)
endif()

add_library(print STATIC
    ${CMAKE_CURRENT_SOURCE_DIR}/sources/print.cpp
)

target_include_directories(print PUBLIC
    $<BUILD_INTERFACE:${CMAKE_CURRENT_SOURCE_DIR}/include>
    $<INSTALL_INTERFACE:include>
)

if(BUILD_EXAMPLES)

    file(GLOB EXAMPLE_SOURCES
        "${CMAKE_CURRENT_SOURCE_DIR}/examples/*.cpp"
    )

    foreach(EXAMPLE_SOURCE ${EXAMPLE_SOURCES})

        get_filename_component(
            EXAMPLE_NAME
            ${EXAMPLE_SOURCE}
            NAME_WE
        )

        add_executable(
            ${EXAMPLE_NAME}
            ${EXAMPLE_SOURCE}
        )

        target_link_libraries(
            ${EXAMPLE_NAME}
            print
        )

        install(
            TARGETS ${EXAMPLE_NAME}
            RUNTIME DESTINATION bin
        )

    endforeach()

endif()

install(
    TARGETS print
    EXPORT print-config
    ARCHIVE DESTINATION lib
    LIBRARY DESTINATION lib
)

install(
    DIRECTORY ${CMAKE_CURRENT_SOURCE_DIR}/include/
    DESTINATION include
)

install(
    EXPORT print-config
    DESTINATION cmake
)

add_subdirectory(formatter_lib)
add_subdirectory(formatter_ex_lib)
add_subdirectory(solver_lib)
add_subdirectory(hello_world_application)
add_subdirectory(solver_application)
add_subdirectory(banking)

if(BUILD_TESTS)

    enable_testing()

    add_subdirectory(third-party/gtest)

    file(GLOB ${PROJECT_NAME}_TEST_SOURCES
        tests/*.cpp
    )

    add_executable(
        check
        ${${PROJECT_NAME}_TEST_SOURCES}
    )

    target_link_libraries(
        check
        ${PROJECT_NAME}
        gtest_main
    )

    add_test(
        NAME check
        COMMAND check
    )

    add_executable(
        banking_tests
        banking/tests/test_account.cpp
        banking/tests/test_transaction.cpp
    )

    target_include_directories(
        banking_tests PUBLIC
        banking
    )

    target_link_libraries(
        banking_tests
        banking
        gtest
        gtest_main
        gmock
        pthread
    )

    add_test(
        NAME banking_tests
        COMMAND banking_tests
    )

endif()

include(CPackConfig.cmake)
vboxuser@My-ubuntu-linux:~/kasirskaaalina09-gif/workspace/projects/lab06$ nano .github/workflows/ci.yml
vboxuser@My-ubuntu-linux:~/kasirskaaalina09-gif/workspace/projects/lab06$ git add .github/workflows/ci.yml
vboxuser@My-ubuntu-linux:~/kasirskaaalina09-gif/workspace/projects/lab06$ git commiy -m "ci.yml has been chached for homework part"
git: 'commiy' is not a git command. See 'git --help'.

The most similar command is
	commit
vboxuser@My-ubuntu-linux:~/kasirskaaalina09-gif/workspace/projects/lab06$ git commit -m "ci.yml has been chached for homework part"
[main a9c96d0] ci.yml has been chached for homework part
 1 file changed, 17 insertions(+), 7 deletions(-)
vboxuser@My-ubuntu-linux:~/kasirskaaalina09-gif/workspace/projects/lab06$ git push origin main
Username for 'https://github.com': kasirskaaalina09-gif
Password for 'https://kasirskaaalina09-gif@github.com': 
Enumerating objects: 9, done.
Counting objects: 100% (9/9), done.
Delta compression using up to 5 threads
Compressing objects: 100% (4/4), done.
Writing objects: 100% (5/5), 583 bytes | 583.00 KiB/s, done.
Total 5 (delta 2), reused 0 (delta 0), pack-reused 0
remote: Resolving deltas: 100% (2/2), completed with 2 local objects.
To https://github.com/kasirskaaalina09-gif/lab06.git
   d982ebb..a9c96d0  main -> main
vboxuser@My-ubuntu-linux:~/kasirskaaalina09-gif/workspace/projects/lab06$ git tag v2.1.0
vboxuser@My-ubuntu-linux:~/kasirskaaalina09-gif/workspace/projects/lab06$ git psh origin main v2.1.0
git: 'psh' is not a git command. See 'git --help'.

The most similar command is
	push
vboxuser@My-ubuntu-linux:~/kasirskaaalina09-gif/workspace/projects/lab06$ git push origin main v2.1.0
Username for 'https://github.com': kasirskaaalina09-gif
Password for 'https://kasirskaaalina09-gif@github.com': 
Total 0 (delta 0), reused 0 (delta 0), pack-reused 0
To https://github.com/kasirskaaalina09-gif/lab06.git
 * [new tag]         v2.1.0 -> v2.1.0
vboxuser@My-ubuntu-linux:~/kasirskaaalina09-gif/workspace/projects/lab06$ cat .github/workflows/ci.yml
name: Create Release Packages

on:
  push:
    tags:
      - 'v*'

jobs:
  build:
    runs-on: ubuntu-latest

    steps:
      - name: Checkout repository
        uses: actions/checkout@v4

      - name: Install dependencies
        run: |
          sudo apt-get update
          sudo apt-get install -y cmake build-essential rpm

      - name: Configure project
        run: cmake -S . -B build -DCMAKE_BUILD_TYPE=Release

      - name: Build project
        run: cmake --build build

      - name: Package TGZ
        run: cd build && cpack -G TGZ

      - name: Package DEB
        run: cd build && cpack -G DEB

      - name: Package RPM
        run: cd build && cpack -G RPM

      - name: Upload artifacts
        uses: actions/upload-artifact@v4
        with:
          name: release-packages
          path: |
            build/*.tar.gz
            build/*.deb
            build/*.rpm

vboxuser@My-ubuntu-linux:~/kasirskaaalina09-gif/workspace/projects/lab06$ nano vboxuser@My-ubuntu-linux:~/kasirskaaalina09-gif/workspace/projects/lab06$ cat .github/workflows/ci.yml
                                                                                                                                               q
vboxuser@My-ubuntu-linux:~/kasirskaaalina09-gif/workspace/projects/lab06$ nano .github/workflows/ci.yml
vboxuser@My-ubuntu-linux:~/kasirskaaalina09-gif/workspace/projects/lab06$ git add .github/workflows/ci.yml
vboxuser@My-ubuntu-linux:~/kasirskaaalina09-gif/workspace/projects/lab06$ 
vboxuser@My-ubuntu-linux:~/kasirskaaalina09-gif/workspace/projects/lab06$ 
vboxuser@My-ubuntu-linux:~/kasirskaaalina09-gif/workspace/projects/lab06$ 
vboxuser@My-ubuntu-linux:~/kasirskaaalina09-gif/workspace/projects/lab06$ 
vboxuser@My-ubuntu-linux:~/kasirskaaalina09-gif/workspace/projects/lab06$ 
vboxuser@My-ubuntu-linux:~/kasirskaaalina09-gif/workspace/projects/lab06$ 
vboxuser@My-ubuntu-linux:~/kasirskaaalina09-gif/workspace/projects/lab06$ 
vboxuser@My-ubuntu-linux:~/kasirskaaalina09-gif/workspace/projects/lab06$ 
vboxuser@My-ubuntu-linux:~/kasirskaaalina09-gif/workspace/projects/lab06$ 
vboxuser@My-ubuntu-linux:~/kasirskaaalina09-gif/workspace/projects/lab06$ 
vboxuser@My-ubuntu-linux:~/kasirskaaalina09-gif/workspace/projects/lab06$ 
vboxuser@My-ubuntu-linux:~/kasirskaaalina09-gif/workspace/projects/lab06$ 
vboxuser@My-ubuntu-linux:~/kasirskaaalina09-gif/workspace/projects/lab06$ 
vboxuser@My-ubuntu-linux:~/kasirskaaalina09-gif/workspace/projects/lab06$ 
vboxuser@My-ubuntu-linux:~/kasirskaaalina09-gif/workspace/projects/lab06$ 
vboxuser@My-ubuntu-linux:~/kasirskaaalina09-gif/workspace/projects/lab06$ 
vboxuser@My-ubuntu-linux:~/kasirskaaalina09-gif/workspace/projects/lab06$ git commit -m "add macos build"
[main bf0719d] add macos build
 1 file changed, 26 insertions(+), 2 deletions(-)
vboxuser@My-ubuntu-linux:~/kasirskaaalina09-gif/workspace/projects/lab06$ git push origin main
Username for 'https://github.com': kasirskaaalina09-gif
Password for 'https://kasirskaaalina09-gif@github.com': 
Enumerating objects: 9, done.
Counting objects: 100% (9/9), done.
Delta compression using up to 5 threads
Compressing objects: 100% (4/4), done.
Writing objects: 100% (5/5), 570 bytes | 570.00 KiB/s, done.
Total 5 (delta 2), reused 0 (delta 0), pack-reused 0
remote: Resolving deltas: 100% (2/2), completed with 2 local objects.
To https://github.com/kasirskaaalina09-gif/lab06.git
   a9c96d0..bf0719d  main -> main
vboxuser@My-ubuntu-linux:~/kasirskaaalina09-gif/workspace/projects/lab06$ git tag v2.1.1
vboxuser@My-ubuntu-linux:~/kasirskaaalina09-gif/workspace/projects/lab06$ git push origin v2.1.1
Username for 'https://github.com': kasirskaaalina09-gif
Password for 'https://kasirskaaalina09-gif@github.com': 
Total 0 (delta 0), reused 0 (delta 0), pack-reused 0
To https://github.com/kasirskaaalina09-gif/lab06.git
 * [new tag]         v2.1.1 -> v2.1.1
vboxuser@My-ubuntu-linux:~/kasirskaaalina09-gif/workspace/projects/lab06$ nano .github/workflows/ci.yml
vboxuser@My-ubuntu-linux:~/kasirskaaalina09-gif/workspace/projects/lab06$ git add .github/workflows/ci.yml
vboxuser@My-ubuntu-linux:~/kasirskaaalina09-gif/workspace/projects/lab06$ git commit -m "first trial to fix MacOS packaging"
[main 9bc25e4] first trial to fix MacOS packaging
 1 file changed, 2 insertions(+), 2 deletions(-)
vboxuser@My-ubuntu-linux:~/kasirskaaalina09-gif/workspace/projects/lab06$ git push origin main
Username for 'https://github.com': kasirskaaalina09-gif
Password for 'https://kasirskaaalina09-gif@github.com': 
remote: Invalid username or token. Password authentication is not supported for Git operations.
fatal: Authentication failed for 'https://github.com/kasirskaaalina09-gif/lab06.git/'
vboxuser@My-ubuntu-linux:~/kasirskaaalina09-gif/workspace/projects/lab06$ git push origin main
Username for 'https://github.com': kasirskaaalina09-gif
Password for 'https://kasirskaaalina09-gif@github.com': 
remote: Invalid username or token. Password authentication is not supported for Git operations.
fatal: Authentication failed for 'https://github.com/kasirskaaalina09-gif/lab06.git/'
vboxuser@My-ubuntu-linux:~/kasirskaaalina09-gif/workspace/projects/lab06$ git push origin main
Username for 'https://github.com': kasirskaaalina09-gif
Password for 'https://kasirskaaalina09-gif@github.com': 
remote: Invalid username or token. Password authentication is not supported for Git operations.
fatal: Authentication failed for 'https://github.com/kasirskaaalina09-gif/lab06.git/'
vboxuser@My-ubuntu-linux:~/kasirskaaalina09-gif/workspace/projects/lab06$ git push origin main
Username for 'https://github.com': kasirskaaalina09-gif
Password for 'https://kasirskaaalina09-gif@github.com': 
Enumerating objects: 9, done.
Counting objects: 100% (9/9), done.
Delta compression using up to 5 threads
Compressing objects: 100% (4/4), done.
Writing objects: 100% (5/5), 469 bytes | 469.00 KiB/s, done.
Total 5 (delta 2), reused 0 (delta 0), pack-reused 0
remote: Resolving deltas: 100% (2/2), completed with 2 local objects.
To https://github.com/kasirskaaalina09-gif/lab06.git
   bf0719d..9bc25e4  main -> main
vboxuser@My-ubuntu-linux:~/kasirskaaalina09-gif/workspace/projects/lab06$ git tag v2.1.2
vboxuser@My-ubuntu-linux:~/kasirskaaalina09-gif/workspace/projects/lab06$ git push origin v2.1.2
Username for 'https://github.com': kasirskaaalina09-gif
Password for 'https://kasirskaaalina09-gif@github.com': 
Total 0 (delta 0), reused 0 (delta 0), pack-reused 0
To https://github.com/kasirskaaalina09-gif/lab06.git
 * [new tag]         v2.1.2 -> v2.1.2
vboxuser@My-ubuntu-linux:~/kasirskaaalina09-gif/workspace/projects/lab06$ ls
artifacts  _build  ChangeLog.md    CPackConfig.cmake  examples  formatter_ex_lib  hello_world_application  include  README.md           solver_lib  tests
banking    build   CMakeLists.txt  DESCRIPTION        file.txt  formatter_lib     hello_world.cpp          log.txt  solver_application  sources     third-party
vboxuser@My-ubuntu-linux:~/kasirskaaalina09-gif/workspace/projects/lab06$ nano formatter_ex_lib/ CMakeLists.txt 
vboxuser@My-ubuntu-linux:~/kasirskaaalina09-gif/workspace/projects/lab06$ nano formatter_lib/CMakeLists.txt 
vboxuser@My-ubuntu-linux:~/kasirskaaalina09-gif/workspace/projects/lab06$ nano solver_lib/ CMakeLists.txt 
vboxuser@My-ubuntu-linux:~/kasirskaaalina09-gif/workspace/projects/lab06$ nano banking/ CMakeLists.txt 
vboxuser@My-ubuntu-linux:~/kasirskaaalina09-gif/workspace/projects/lab06$ cd banking
vboxuser@My-ubuntu-linux:~/kasirskaaalina09-gif/workspace/projects/lab06/banking$ ls
Account.cpp  Account.h  CMakeLists.txt  tests  Transaction.cpp  Transaction.h
vboxuser@My-ubuntu-linux:~/kasirskaaalina09-gif/workspace/projects/lab06/banking$ cd ..
vboxuser@My-ubuntu-linux:~/kasirskaaalina09-gif/workspace/projects/lab06$ nano hello_world_application/ CMakeLists.txt 
vboxuser@My-ubuntu-linux:~/kasirskaaalina09-gif/workspace/projects/lab06$ cd examples
vboxuser@My-ubuntu-linux:~/kasirskaaalina09-gif/workspace/projects/lab06/examples$ ls
example1.cpp  example2.cpp
vboxuser@My-ubuntu-linux:~/kasirskaaalina09-gif/workspace/projects/lab06/examples$ cd ..
vboxuser@My-ubuntu-linux:~/kasirskaaalina09-gif/workspace/projects/lab06$ ls include
print.hpp
vboxuser@My-ubuntu-linux:~/kasirskaaalina09-gif/workspace/projects/lab06$ ls sources
print.cpp
vboxuser@My-ubuntu-linux:~/kasirskaaalina09-gif/workspace/projects/lab06$ ls third-party
gtest
vboxuser@My-ubuntu-linux:~/kasirskaaalina09-gif/workspace/projects/lab06$ ls third-party/gtest
vboxuser@My-ubuntu-linux:~/kasirskaaalina09-gif/workspace/projects/lab06$ ls artifacts
print-0.1.0.0-Linux.tar.gz  screenshot.png
vboxuser@My-ubuntu-linux:~/kasirskaaalina09-gif/workspace/projects/lab06$ git add .
vboxuser@My-ubuntu-linux:~/kasirskaaalina09-gif/workspace/projects/lab06$ git commit -m "update cmake version to 3.10 for macos"
[main f6cb284] update cmake version to 3.10 for macos
 2 files changed, 2 insertions(+), 2 deletions(-)
vboxuser@My-ubuntu-linux:~/kasirskaaalina09-gif/workspace/projects/lab06$ git push origin main
qfatal: unable to access 'https://github.com/kasirskaaalina09-gif/lab06.git/': Recv failure: Connection reset by peer
vboxuser@My-ubuntu-linux:~/kasirskaaalina09-gif/workspace/projects/lab06$ q
Command 'q' not found, but can be installed with:
sudo snap install q                       # version 1.6.3-1, or
sudo apt  install python3-q-text-as-data  # version 3.1.6-3
See 'snap info q' for additional versions.
vboxuser@My-ubuntu-linux:~/kasirskaaalina09-gif/workspace/projects/lab06$ git push origin main
fatal: unable to access 'https://github.com/kasirskaaalina09-gif/lab06.git/': Recv failure: Connection reset by peer
vboxuser@My-ubuntu-linux:~/kasirskaaalina09-gif/workspace/projects/lab06$ git push origin main
Username for 'https://github.com': kasirskaaalina09-gif         
Password for 'https://kasirskaaalina09-gif@github.com': 
Enumerating objects: 9, done.
Counting objects: 100% (9/9), done.
Delta compression using up to 5 threads
Compressing objects: 100% (5/5), done.
Writing objects: 100% (5/5), 502 bytes | 502.00 KiB/s, done.
Total 5 (delta 3), reused 0 (delta 0), pack-reused 0
remote: Resolving deltas: 100% (3/3), completed with 3 local objects.
To https://github.com/kasirskaaalina09-gif/lab06.git
   9bc25e4..f6cb284  main -> main
vboxuser@My-ubuntu-linux:~/kasirskaaalina09-gif/workspace/projects/lab06$ git tag v2.1.3
vboxuser@My-ubuntu-linux:~/kasirskaaalina09-gif/workspace/projects/lab06$ git push origin v2.1.3
Username for 'https://github.com': kasirskaaalina09-gif
Password for 'https://kasirskaaalina09-gif@github.com': 
Total 0 (delta 0), reused 0 (delta 0), pack-reused 0
To https://github.com/kasirskaaalina09-gif/lab06.git
 * [new tag]         v2.1.3 -> v2.1.3
vboxuser@My-ubuntu-linux:~/kasirskaaalina09-gif/workspace/projects/lab06$ nano solver_application/CMakeLists.txt
